// Jest Snapshot v1, https://goo.gl/fbAQLP

exports[`home with user 1`] = `
<View
  style={
    Object {
      "alignItems": "center",
      "backgroundColor": "#F5FCFF",
      "flex": 1,
      "justifyContent": "center",
    }
  }
>
  <Text
    accessible={true}
    allowFontScaling={true}
    disabled={false}
    ellipsizeMode="tail"
    style={
      Array [
        Object {
          "fontSize": 20,
          "margin": 10,
          "textAlign": "center",
        },
        Object {
          "paddingBottom": 10,
        },
      ]
    }
  >
    Welcome 
    Hilbert Fahey
  </Text>
</View>
`;
